
> history-pro@1.0.0 build
> next build

  鈻?Next.js 14.2.35

   Creating an optimized production build ...
